C:/Users/Jake P/Documents/GitHub/StormEq/CAB_BOX_PCB_CODE_V2/Core/Src/main.c:137:1:__io_putchar	16	static
C:/Users/Jake P/Documents/GitHub/StormEq/CAB_BOX_PCB_CODE_V2/Core/Src/main.c:143:6:LTC4015_WriteRegister	8	static
C:/Users/Jake P/Documents/GitHub/StormEq/CAB_BOX_PCB_CODE_V2/Core/Src/main.c:171:10:LTC4015_ReadRegister	16	static
C:/Users/Jake P/Documents/GitHub/StormEq/CAB_BOX_PCB_CODE_V2/Core/Src/main.c:226:6:EnableCoulombCounter	16	static
C:/Users/Jake P/Documents/GitHub/StormEq/CAB_BOX_PCB_CODE_V2/Core/Src/main.c:261:6:SetCoulombCounterPrescaleFactor	8	static
C:/Users/Jake P/Documents/GitHub/StormEq/CAB_BOX_PCB_CODE_V2/Core/Src/main.c:275:6:SetCoulombCounterAccumulatorValue	8	static
C:/Users/Jake P/Documents/GitHub/StormEq/CAB_BOX_PCB_CODE_V2/Core/Src/main.c:289:10:CalculateSOC	16	static
C:/Users/Jake P/Documents/GitHub/StormEq/CAB_BOX_PCB_CODE_V2/Core/Src/main.c:321:6:saveIDsToEEPROM	40	static
C:/Users/Jake P/Documents/GitHub/StormEq/CAB_BOX_PCB_CODE_V2/Core/Src/main.c:388:6:readIDsFromEEPROM	48	static
C:/Users/Jake P/Documents/GitHub/StormEq/CAB_BOX_PCB_CODE_V2/Core/Src/main.c:797:6:Error_Handler	0	static,ignoring_inline_asm
C:/Users/Jake P/Documents/GitHub/StormEq/CAB_BOX_PCB_CODE_V2/Core/Src/main.c:742:6:SystemClock_Config	112	static
C:/Users/Jake P/Documents/GitHub/StormEq/CAB_BOX_PCB_CODE_V2/Core/Src/main.c:489:5:main	8	static,ignoring_inline_asm
