C:/Users/Jake P/Documents/GitHub/StormEq/CAB_BOX_PCB_CODE_V2/Core/Src/usart_if.c:113:25:vcom_Init	8	static
C:/Users/Jake P/Documents/GitHub/StormEq/CAB_BOX_PCB_CODE_V2/Core/Src/usart_if.c:128:25:vcom_DeInit	8	static
C:/Users/Jake P/Documents/GitHub/StormEq/CAB_BOX_PCB_CODE_V2/Core/Src/usart_if.c:162:25:vcom_Trace_DMA	8	static
C:/Users/Jake P/Documents/GitHub/StormEq/CAB_BOX_PCB_CODE_V2/Core/Src/usart_if.c:174:25:vcom_ReceiveInit	16	static
C:/Users/Jake P/Documents/GitHub/StormEq/CAB_BOX_PCB_CODE_V2/Core/Src/usart_if.c:151:6:vcom_Trace	8	static
C:/Users/Jake P/Documents/GitHub/StormEq/CAB_BOX_PCB_CODE_V2/Core/Src/usart_if.c:210:6:vcom_Resume	8	static
C:/Users/Jake P/Documents/GitHub/StormEq/CAB_BOX_PCB_CODE_V2/Core/Src/usart_if.c:231:6:HAL_UART_TxCpltCallback	16	static
C:/Users/Jake P/Documents/GitHub/StormEq/CAB_BOX_PCB_CODE_V2/Core/Src/usart_if.c:258:6:HAL_UART_RxCpltCallback	32	static
