C:/Users/Jake P/Documents/GitHub/StormEq/CAB_BOX_PCB_CODE_V2/Middlewares/ST/STM32_SMBus_Stack/src/stm32_PMBUS_stack.c:293:19:STACK_PMBUS_HostCommandGroup	32	static
C:/Users/Jake P/Documents/GitHub/StormEq/CAB_BOX_PCB_CODE_V2/Middlewares/ST/STM32_SMBus_Stack/src/stm32_PMBUS_stack.c:392:6:STACK_SMBUS_LocateCommand	16	static
C:/Users/Jake P/Documents/GitHub/StormEq/CAB_BOX_PCB_CODE_V2/Middlewares/ST/STM32_SMBus_Stack/src/stm32_PMBUS_stack.c:480:19:STACK_PMBUS_MasterZoneWrite	24	static
C:/Users/Jake P/Documents/GitHub/StormEq/CAB_BOX_PCB_CODE_V2/Middlewares/ST/STM32_SMBus_Stack/src/stm32_PMBUS_stack.c:575:19:STACK_PMBUS_MasterZoneConfig	8	static
C:/Users/Jake P/Documents/GitHub/StormEq/CAB_BOX_PCB_CODE_V2/Middlewares/ST/STM32_SMBus_Stack/src/stm32_PMBUS_stack.c:590:19:STACK_PMBUS_MasterZoneActive	8	static
C:/Users/Jake P/Documents/GitHub/StormEq/CAB_BOX_PCB_CODE_V2/Middlewares/ST/STM32_SMBus_Stack/src/stm32_PMBUS_stack.c:606:19:STACK_PMBUS_MasterReadZoneStatus	24	static
C:/Users/Jake P/Documents/GitHub/StormEq/CAB_BOX_PCB_CODE_V2/Middlewares/ST/STM32_SMBus_Stack/src/stm32_PMBUS_stack.c:657:19:STACK_PMBUS_MasterZoneReadStatusCont	16	static
C:/Users/Jake P/Documents/GitHub/StormEq/CAB_BOX_PCB_CODE_V2/Middlewares/ST/STM32_SMBus_Stack/src/stm32_PMBUS_stack.c:677:26:STACK_PMBUS_ZoneReadCallback	0	static
