C:/Users/Jake P/Documents/GitHub/StormEq/CAB_BOX_PCB_CODE_V2/Middlewares/ST/STM32_SMBus_Stack/src/stm32_SMBUS_stack.c:109:27:STACK_SMBUS_ResolveContext	0	static
C:/Users/Jake P/Documents/GitHub/StormEq/CAB_BOX_PCB_CODE_V2/Middlewares/ST/STM32_SMBus_Stack/src/stm32_SMBUS_stack.c:335:6:HAL_SMBUS_SlaveTxCpltCallback	8	static
C:/Users/Jake P/Documents/GitHub/StormEq/CAB_BOX_PCB_CODE_V2/Middlewares/ST/STM32_SMBus_Stack/src/stm32_SMBUS_stack.c:1022:6:STACK_SMBUS_SendAlert	0	static
C:/Users/Jake P/Documents/GitHub/StormEq/CAB_BOX_PCB_CODE_V2/Middlewares/ST/STM32_SMBus_Stack/src/stm32_SMBUS_stack.c:1189:20:STACK_SMBUS_AddrAccpt	0	static
C:/Users/Jake P/Documents/GitHub/StormEq/CAB_BOX_PCB_CODE_V2/Middlewares/ST/STM32_SMBus_Stack/src/stm32_SMBUS_stack.c:1242:26:STACK_SMBUS_ExecuteCommandARP	0	static
C:/Users/Jake P/Documents/GitHub/StormEq/CAB_BOX_PCB_CODE_V2/Middlewares/ST/STM32_SMBus_Stack/src/stm32_SMBUS_stack.c:1326:6:STACK_SMBUS_LocateCommandARP	0	static
C:/Users/Jake P/Documents/GitHub/StormEq/CAB_BOX_PCB_CODE_V2/Middlewares/ST/STM32_SMBus_Stack/src/stm32_SMBUS_stack.c:1385:13:STACK_SMBUS_LocateCommand	16	static
C:/Users/Jake P/Documents/GitHub/StormEq/CAB_BOX_PCB_CODE_V2/Middlewares/ST/STM32_SMBus_Stack/src/stm32_SMBUS_stack.c:1462:13:STACK_SMBUS_AlertClbk	0	static
C:/Users/Jake P/Documents/GitHub/StormEq/CAB_BOX_PCB_CODE_V2/Middlewares/ST/STM32_SMBus_Stack/src/stm32_SMBUS_stack.c:1528:19:STACK_SMBUS_Init	8	static
C:/Users/Jake P/Documents/GitHub/StormEq/CAB_BOX_PCB_CODE_V2/Middlewares/ST/STM32_SMBus_Stack/src/stm32_SMBUS_stack.c:1587:10:STACK_SMBUS_GetBuffer	0	static
C:/Users/Jake P/Documents/GitHub/StormEq/CAB_BOX_PCB_CODE_V2/Middlewares/ST/STM32_SMBus_Stack/src/stm32_SMBUS_stack.c:1621:19:STACK_SMBUS_HostCommand	32	static
C:/Users/Jake P/Documents/GitHub/StormEq/CAB_BOX_PCB_CODE_V2/Middlewares/ST/STM32_SMBus_Stack/src/stm32_SMBUS_stack.c:1766:19:STACK_SMBUS_NotifyHost	16	static
C:/Users/Jake P/Documents/GitHub/StormEq/CAB_BOX_PCB_CODE_V2/Middlewares/ST/STM32_SMBus_Stack/src/stm32_SMBUS_stack.c:1829:19:STACK_SMBUS_HostRead	24	static
C:/Users/Jake P/Documents/GitHub/StormEq/CAB_BOX_PCB_CODE_V2/Middlewares/ST/STM32_SMBus_Stack/src/stm32_SMBUS_stack.c:1476:6:STACK_SMBUS_ReadyIfNoAlert	8	static
C:/Users/Jake P/Documents/GitHub/StormEq/CAB_BOX_PCB_CODE_V2/Middlewares/ST/STM32_SMBus_Stack/src/stm32_SMBUS_stack.c:143:6:HAL_SMBUS_MasterTxCpltCallback	24	static
C:/Users/Jake P/Documents/GitHub/StormEq/CAB_BOX_PCB_CODE_V2/Middlewares/ST/STM32_SMBus_Stack/src/stm32_SMBUS_stack.c:229:6:HAL_SMBUS_MasterRxCpltCallback	24	static
C:/Users/Jake P/Documents/GitHub/StormEq/CAB_BOX_PCB_CODE_V2/Middlewares/ST/STM32_SMBus_Stack/src/stm32_SMBUS_stack.c:1039:6:HAL_SMBUS_ErrorCallback	16	static
C:/Users/Jake P/Documents/GitHub/StormEq/CAB_BOX_PCB_CODE_V2/Middlewares/ST/STM32_SMBus_Stack/src/stm32_SMBUS_stack.c:1889:26:STACK_SMBUS_ExecuteCommand	0	static
C:/Users/Jake P/Documents/GitHub/StormEq/CAB_BOX_PCB_CODE_V2/Middlewares/ST/STM32_SMBus_Stack/src/stm32_SMBUS_stack.c:652:6:HAL_SMBUS_AddrCallback	32	static
C:/Users/Jake P/Documents/GitHub/StormEq/CAB_BOX_PCB_CODE_V2/Middlewares/ST/STM32_SMBus_Stack/src/stm32_SMBUS_stack.c:947:6:HAL_SMBUS_ListenCpltCallback	16	static
C:/Users/Jake P/Documents/GitHub/StormEq/CAB_BOX_PCB_CODE_V2/Middlewares/ST/STM32_SMBus_Stack/src/stm32_SMBUS_stack.c:1908:26:STACK_SMBUS_ExtendCommand	0	static
C:/Users/Jake P/Documents/GitHub/StormEq/CAB_BOX_PCB_CODE_V2/Middlewares/ST/STM32_SMBus_Stack/src/stm32_SMBUS_stack.c:368:6:HAL_SMBUS_SlaveRxCpltCallback	16	static
