C:/Users/Jake P/Documents/GitHub/StormEq/CAB_BOX_PCB_CODE_V2/Drivers/STM32WLxx_HAL_Driver/Src/stm32wlxx_hal_uart.c:672:13:HAL_UART_MspInit	0	static
C:/Users/Jake P/Documents/GitHub/StormEq/CAB_BOX_PCB_CODE_V2/Drivers/STM32WLxx_HAL_Driver/Src/stm32wlxx_hal_uart.c:687:13:HAL_UART_MspDeInit	0	static
C:/Users/Jake P/Documents/GitHub/StormEq/CAB_BOX_PCB_CODE_V2/Drivers/STM32WLxx_HAL_Driver/Src/stm32wlxx_hal_uart.c:2650:13:HAL_UART_TxCpltCallback	0	static
C:/Users/Jake P/Documents/GitHub/StormEq/CAB_BOX_PCB_CODE_V2/Drivers/STM32WLxx_HAL_Driver/Src/stm32wlxx_hal_uart.c:2665:13:HAL_UART_TxHalfCpltCallback	0	static
C:/Users/Jake P/Documents/GitHub/StormEq/CAB_BOX_PCB_CODE_V2/Drivers/STM32WLxx_HAL_Driver/Src/stm32wlxx_hal_uart.c:2680:13:HAL_UART_RxCpltCallback	0	static
C:/Users/Jake P/Documents/GitHub/StormEq/CAB_BOX_PCB_CODE_V2/Drivers/STM32WLxx_HAL_Driver/Src/stm32wlxx_hal_uart.c:2695:13:HAL_UART_RxHalfCpltCallback	0	static
C:/Users/Jake P/Documents/GitHub/StormEq/CAB_BOX_PCB_CODE_V2/Drivers/STM32WLxx_HAL_Driver/Src/stm32wlxx_hal_uart.c:2710:13:HAL_UART_ErrorCallback	0	static
C:/Users/Jake P/Documents/GitHub/StormEq/CAB_BOX_PCB_CODE_V2/Drivers/STM32WLxx_HAL_Driver/Src/stm32wlxx_hal_uart.c:2725:13:HAL_UART_AbortCpltCallback	0	static
C:/Users/Jake P/Documents/GitHub/StormEq/CAB_BOX_PCB_CODE_V2/Drivers/STM32WLxx_HAL_Driver/Src/stm32wlxx_hal_uart.c:2740:13:HAL_UART_AbortTransmitCpltCallback	0	static
C:/Users/Jake P/Documents/GitHub/StormEq/CAB_BOX_PCB_CODE_V2/Drivers/STM32WLxx_HAL_Driver/Src/stm32wlxx_hal_uart.c:2755:13:HAL_UART_AbortReceiveCpltCallback	0	static
C:/Users/Jake P/Documents/GitHub/StormEq/CAB_BOX_PCB_CODE_V2/Drivers/STM32WLxx_HAL_Driver/Src/stm32wlxx_hal_uart.c:2772:13:HAL_UARTEx_RxEventCallback	0	static
C:/Users/Jake P/Documents/GitHub/StormEq/CAB_BOX_PCB_CODE_V2/Drivers/STM32WLxx_HAL_Driver/Src/stm32wlxx_hal_uart.c:3652:13:UART_EndTxTransfer	0	static,ignoring_inline_asm
C:/Users/Jake P/Documents/GitHub/StormEq/CAB_BOX_PCB_CODE_V2/Drivers/STM32WLxx_HAL_Driver/Src/stm32wlxx_hal_uart.c:3668:13:UART_EndRxTransfer	0	static,ignoring_inline_asm
C:/Users/Jake P/Documents/GitHub/StormEq/CAB_BOX_PCB_CODE_V2/Drivers/STM32WLxx_HAL_Driver/Src/stm32wlxx_hal_uart.c:3694:13:UART_DMATransmitCplt	8	static,ignoring_inline_asm
C:/Users/Jake P/Documents/GitHub/StormEq/CAB_BOX_PCB_CODE_V2/Drivers/STM32WLxx_HAL_Driver/Src/stm32wlxx_hal_uart.c:3728:13:UART_DMATxHalfCplt	8	static
C:/Users/Jake P/Documents/GitHub/StormEq/CAB_BOX_PCB_CODE_V2/Drivers/STM32WLxx_HAL_Driver/Src/stm32wlxx_hal_uart.c:3746:13:UART_DMAReceiveCplt	8	static,ignoring_inline_asm
C:/Users/Jake P/Documents/GitHub/StormEq/CAB_BOX_PCB_CODE_V2/Drivers/STM32WLxx_HAL_Driver/Src/stm32wlxx_hal_uart.c:3807:13:UART_DMARxHalfCplt	8	static
C:/Users/Jake P/Documents/GitHub/StormEq/CAB_BOX_PCB_CODE_V2/Drivers/STM32WLxx_HAL_Driver/Src/stm32wlxx_hal_uart.c:3845:13:UART_DMAError	16	static
C:/Users/Jake P/Documents/GitHub/StormEq/CAB_BOX_PCB_CODE_V2/Drivers/STM32WLxx_HAL_Driver/Src/stm32wlxx_hal_uart.c:3885:13:UART_DMAAbortOnError	8	static
C:/Users/Jake P/Documents/GitHub/StormEq/CAB_BOX_PCB_CODE_V2/Drivers/STM32WLxx_HAL_Driver/Src/stm32wlxx_hal_uart.c:3908:13:UART_DMATxAbortCallback	8	static
C:/Users/Jake P/Documents/GitHub/StormEq/CAB_BOX_PCB_CODE_V2/Drivers/STM32WLxx_HAL_Driver/Src/stm32wlxx_hal_uart.c:3963:13:UART_DMARxAbortCallback	8	static
C:/Users/Jake P/Documents/GitHub/StormEq/CAB_BOX_PCB_CODE_V2/Drivers/STM32WLxx_HAL_Driver/Src/stm32wlxx_hal_uart.c:4015:13:UART_DMATxOnlyAbortCallback	8	static
C:/Users/Jake P/Documents/GitHub/StormEq/CAB_BOX_PCB_CODE_V2/Drivers/STM32WLxx_HAL_Driver/Src/stm32wlxx_hal_uart.c:4048:13:UART_DMARxOnlyAbortCallback	8	static
C:/Users/Jake P/Documents/GitHub/StormEq/CAB_BOX_PCB_CODE_V2/Drivers/STM32WLxx_HAL_Driver/Src/stm32wlxx_hal_uart.c:4081:13:UART_TxISR_8BIT	0	static,ignoring_inline_asm
C:/Users/Jake P/Documents/GitHub/StormEq/CAB_BOX_PCB_CODE_V2/Drivers/STM32WLxx_HAL_Driver/Src/stm32wlxx_hal_uart.c:4110:13:UART_TxISR_16BIT	0	static,ignoring_inline_asm
C:/Users/Jake P/Documents/GitHub/StormEq/CAB_BOX_PCB_CODE_V2/Drivers/STM32WLxx_HAL_Driver/Src/stm32wlxx_hal_uart.c:4142:13:UART_TxISR_8BIT_FIFOEN	0	static,ignoring_inline_asm
C:/Users/Jake P/Documents/GitHub/StormEq/CAB_BOX_PCB_CODE_V2/Drivers/STM32WLxx_HAL_Driver/Src/stm32wlxx_hal_uart.c:4182:13:UART_TxISR_16BIT_FIFOEN	0	static,ignoring_inline_asm
C:/Users/Jake P/Documents/GitHub/StormEq/CAB_BOX_PCB_CODE_V2/Drivers/STM32WLxx_HAL_Driver/Src/stm32wlxx_hal_uart.c:4223:13:UART_EndTransmit_IT	8	static,ignoring_inline_asm
C:/Users/Jake P/Documents/GitHub/StormEq/CAB_BOX_PCB_CODE_V2/Drivers/STM32WLxx_HAL_Driver/Src/stm32wlxx_hal_uart.c:4248:13:UART_RxISR_8BIT	8	static,ignoring_inline_asm
C:/Users/Jake P/Documents/GitHub/StormEq/CAB_BOX_PCB_CODE_V2/Drivers/STM32WLxx_HAL_Driver/Src/stm32wlxx_hal_uart.c:4339:13:UART_RxISR_16BIT	8	static,ignoring_inline_asm
C:/Users/Jake P/Documents/GitHub/StormEq/CAB_BOX_PCB_CODE_V2/Drivers/STM32WLxx_HAL_Driver/Src/stm32wlxx_hal_uart.c:4432:13:UART_RxISR_8BIT_FIFOEN	32	static,ignoring_inline_asm
C:/Users/Jake P/Documents/GitHub/StormEq/CAB_BOX_PCB_CODE_V2/Drivers/STM32WLxx_HAL_Driver/Src/stm32wlxx_hal_uart.c:4594:13:UART_RxISR_16BIT_FIFOEN	32	static,ignoring_inline_asm
C:/Users/Jake P/Documents/GitHub/StormEq/CAB_BOX_PCB_CODE_V2/Drivers/STM32WLxx_HAL_Driver/Src/stm32wlxx_hal_uart.c:625:19:HAL_UART_DeInit	8	static
C:/Users/Jake P/Documents/GitHub/StormEq/CAB_BOX_PCB_CODE_V2/Drivers/STM32WLxx_HAL_Driver/Src/stm32wlxx_hal_uart.c:723:19:HAL_UART_RegisterCallback	4	static
C:/Users/Jake P/Documents/GitHub/StormEq/CAB_BOX_PCB_CODE_V2/Drivers/STM32WLxx_HAL_Driver/Src/stm32wlxx_hal_uart.c:851:19:HAL_UART_UnRegisterCallback	0	static
C:/Users/Jake P/Documents/GitHub/StormEq/CAB_BOX_PCB_CODE_V2/Drivers/STM32WLxx_HAL_Driver/Src/stm32wlxx_hal_uart.c:956:19:HAL_UART_RegisterRxEventCallback	0	static
C:/Users/Jake P/Documents/GitHub/StormEq/CAB_BOX_PCB_CODE_V2/Drivers/STM32WLxx_HAL_Driver/Src/stm32wlxx_hal_uart.c:993:19:HAL_UART_UnRegisterRxEventCallback	0	static
C:/Users/Jake P/Documents/GitHub/StormEq/CAB_BOX_PCB_CODE_V2/Drivers/STM32WLxx_HAL_Driver/Src/stm32wlxx_hal_uart.c:1332:19:HAL_UART_Transmit_IT	0	static,ignoring_inline_asm
C:/Users/Jake P/Documents/GitHub/StormEq/CAB_BOX_PCB_CODE_V2/Drivers/STM32WLxx_HAL_Driver/Src/stm32wlxx_hal_uart.c:1479:19:HAL_UART_Transmit_DMA	8	static,ignoring_inline_asm
C:/Users/Jake P/Documents/GitHub/StormEq/CAB_BOX_PCB_CODE_V2/Drivers/STM32WLxx_HAL_Driver/Src/stm32wlxx_hal_uart.c:1617:19:HAL_UART_DMAPause	4	static,ignoring_inline_asm
C:/Users/Jake P/Documents/GitHub/StormEq/CAB_BOX_PCB_CODE_V2/Drivers/STM32WLxx_HAL_Driver/Src/stm32wlxx_hal_uart.c:1647:19:HAL_UART_DMAResume	0	static,ignoring_inline_asm
C:/Users/Jake P/Documents/GitHub/StormEq/CAB_BOX_PCB_CODE_V2/Drivers/STM32WLxx_HAL_Driver/Src/stm32wlxx_hal_uart.c:1678:19:HAL_UART_DMAStop	16	static,ignoring_inline_asm
C:/Users/Jake P/Documents/GitHub/StormEq/CAB_BOX_PCB_CODE_V2/Drivers/STM32WLxx_HAL_Driver/Src/stm32wlxx_hal_uart.c:1753:19:HAL_UART_Abort	8	static,ignoring_inline_asm
C:/Users/Jake P/Documents/GitHub/StormEq/CAB_BOX_PCB_CODE_V2/Drivers/STM32WLxx_HAL_Driver/Src/stm32wlxx_hal_uart.c:1856:19:HAL_UART_AbortTransmit	8	static,ignoring_inline_asm
C:/Users/Jake P/Documents/GitHub/StormEq/CAB_BOX_PCB_CODE_V2/Drivers/STM32WLxx_HAL_Driver/Src/stm32wlxx_hal_uart.c:1915:19:HAL_UART_AbortReceive	8	static,ignoring_inline_asm
C:/Users/Jake P/Documents/GitHub/StormEq/CAB_BOX_PCB_CODE_V2/Drivers/STM32WLxx_HAL_Driver/Src/stm32wlxx_hal_uart.c:1983:19:HAL_UART_Abort_IT	16	static,ignoring_inline_asm
C:/Users/Jake P/Documents/GitHub/StormEq/CAB_BOX_PCB_CODE_V2/Drivers/STM32WLxx_HAL_Driver/Src/stm32wlxx_hal_uart.c:2136:19:HAL_UART_AbortTransmit_IT	8	static,ignoring_inline_asm
C:/Users/Jake P/Documents/GitHub/StormEq/CAB_BOX_PCB_CODE_V2/Drivers/STM32WLxx_HAL_Driver/Src/stm32wlxx_hal_uart.c:2227:19:HAL_UART_AbortReceive_IT	8	static,ignoring_inline_asm
C:/Users/Jake P/Documents/GitHub/StormEq/CAB_BOX_PCB_CODE_V2/Drivers/STM32WLxx_HAL_Driver/Src/stm32wlxx_hal_uart.c:2320:6:HAL_UART_IRQHandler	16	static,ignoring_inline_asm
C:/Users/Jake P/Documents/GitHub/StormEq/CAB_BOX_PCB_CODE_V2/Drivers/STM32WLxx_HAL_Driver/Src/stm32wlxx_hal_uart.c:2820:6:HAL_UART_ReceiverTimeout_Config	0	static
C:/Users/Jake P/Documents/GitHub/StormEq/CAB_BOX_PCB_CODE_V2/Drivers/STM32WLxx_HAL_Driver/Src/stm32wlxx_hal_uart.c:2835:19:HAL_UART_EnableReceiverTimeout	0	static
C:/Users/Jake P/Documents/GitHub/StormEq/CAB_BOX_PCB_CODE_V2/Drivers/STM32WLxx_HAL_Driver/Src/stm32wlxx_hal_uart.c:2873:19:HAL_UART_DisableReceiverTimeout	0	static
C:/Users/Jake P/Documents/GitHub/StormEq/CAB_BOX_PCB_CODE_V2/Drivers/STM32WLxx_HAL_Driver/Src/stm32wlxx_hal_uart.c:2951:6:HAL_MultiProcessor_EnterMuteMode	0	static
C:/Users/Jake P/Documents/GitHub/StormEq/CAB_BOX_PCB_CODE_V2/Drivers/STM32WLxx_HAL_Driver/Src/stm32wlxx_hal_uart.c:2961:19:HAL_HalfDuplex_EnableTransmitter	0	static,ignoring_inline_asm
C:/Users/Jake P/Documents/GitHub/StormEq/CAB_BOX_PCB_CODE_V2/Drivers/STM32WLxx_HAL_Driver/Src/stm32wlxx_hal_uart.c:2984:19:HAL_HalfDuplex_EnableReceiver	0	static,ignoring_inline_asm
C:/Users/Jake P/Documents/GitHub/StormEq/CAB_BOX_PCB_CODE_V2/Drivers/STM32WLxx_HAL_Driver/Src/stm32wlxx_hal_uart.c:3008:19:HAL_LIN_SendBreak	0	static
C:/Users/Jake P/Documents/GitHub/StormEq/CAB_BOX_PCB_CODE_V2/Drivers/STM32WLxx_HAL_Driver/Src/stm32wlxx_hal_uart.c:3053:23:HAL_UART_GetState	0	static
C:/Users/Jake P/Documents/GitHub/StormEq/CAB_BOX_PCB_CODE_V2/Drivers/STM32WLxx_HAL_Driver/Src/stm32wlxx_hal_uart.c:3069:10:HAL_UART_GetError	0	static
C:/Users/Jake P/Documents/GitHub/StormEq/CAB_BOX_PCB_CODE_V2/Drivers/STM32WLxx_HAL_Driver/Src/stm32wlxx_hal_uart.c:3091:6:UART_InitCallbacksToDefault	0	static
C:/Users/Jake P/Documents/GitHub/StormEq/CAB_BOX_PCB_CODE_V2/Drivers/STM32WLxx_HAL_Driver/Src/stm32wlxx_hal_uart.c:3115:19:UART_SetConfig	16	static
C:/Users/Jake P/Documents/GitHub/StormEq/CAB_BOX_PCB_CODE_V2/Drivers/STM32WLxx_HAL_Driver/Src/stm32wlxx_hal_uart.c:3332:6:UART_AdvFeatureConfig	0	static
C:/Users/Jake P/Documents/GitHub/StormEq/CAB_BOX_PCB_CODE_V2/Drivers/STM32WLxx_HAL_Driver/Src/stm32wlxx_hal_uart.c:3459:19:UART_WaitOnFlagUntilTimeout	32	static,ignoring_inline_asm
C:/Users/Jake P/Documents/GitHub/StormEq/CAB_BOX_PCB_CODE_V2/Drivers/STM32WLxx_HAL_Driver/Src/stm32wlxx_hal_uart.c:1127:19:HAL_UART_Transmit	32	static
C:/Users/Jake P/Documents/GitHub/StormEq/CAB_BOX_PCB_CODE_V2/Drivers/STM32WLxx_HAL_Driver/Src/stm32wlxx_hal_uart.c:1231:19:HAL_UART_Receive	40	static
C:/Users/Jake P/Documents/GitHub/StormEq/CAB_BOX_PCB_CODE_V2/Drivers/STM32WLxx_HAL_Driver/Src/stm32wlxx_hal_uart.c:3406:19:UART_CheckIdleState	24	static
C:/Users/Jake P/Documents/GitHub/StormEq/CAB_BOX_PCB_CODE_V2/Drivers/STM32WLxx_HAL_Driver/Src/stm32wlxx_hal_uart.c:308:19:HAL_UART_Init	8	static
C:/Users/Jake P/Documents/GitHub/StormEq/CAB_BOX_PCB_CODE_V2/Drivers/STM32WLxx_HAL_Driver/Src/stm32wlxx_hal_uart.c:381:19:HAL_HalfDuplex_Init	8	static
C:/Users/Jake P/Documents/GitHub/StormEq/CAB_BOX_PCB_CODE_V2/Drivers/STM32WLxx_HAL_Driver/Src/stm32wlxx_hal_uart.c:454:19:HAL_LIN_Init	16	static
C:/Users/Jake P/Documents/GitHub/StormEq/CAB_BOX_PCB_CODE_V2/Drivers/STM32WLxx_HAL_Driver/Src/stm32wlxx_hal_uart.c:551:19:HAL_MultiProcessor_Init	16	static
C:/Users/Jake P/Documents/GitHub/StormEq/CAB_BOX_PCB_CODE_V2/Drivers/STM32WLxx_HAL_Driver/Src/stm32wlxx_hal_uart.c:2911:19:HAL_MultiProcessor_EnableMuteMode	8	static,ignoring_inline_asm
C:/Users/Jake P/Documents/GitHub/StormEq/CAB_BOX_PCB_CODE_V2/Drivers/STM32WLxx_HAL_Driver/Src/stm32wlxx_hal_uart.c:2931:19:HAL_MultiProcessor_DisableMuteMode	8	static,ignoring_inline_asm
C:/Users/Jake P/Documents/GitHub/StormEq/CAB_BOX_PCB_CODE_V2/Drivers/STM32WLxx_HAL_Driver/Src/stm32wlxx_hal_uart.c:3523:19:UART_Start_Receive_IT	4	static,ignoring_inline_asm
C:/Users/Jake P/Documents/GitHub/StormEq/CAB_BOX_PCB_CODE_V2/Drivers/STM32WLxx_HAL_Driver/Src/stm32wlxx_hal_uart.c:1419:19:HAL_UART_Receive_IT	16	static,ignoring_inline_asm
C:/Users/Jake P/Documents/GitHub/StormEq/CAB_BOX_PCB_CODE_V2/Drivers/STM32WLxx_HAL_Driver/Src/stm32wlxx_hal_uart.c:3595:19:UART_Start_Receive_DMA	8	static,ignoring_inline_asm
C:/Users/Jake P/Documents/GitHub/StormEq/CAB_BOX_PCB_CODE_V2/Drivers/STM32WLxx_HAL_Driver/Src/stm32wlxx_hal_uart.c:1568:19:HAL_UART_Receive_DMA	16	static,ignoring_inline_asm
