../Drivers/MEMS/app_mems.c:248:13:floatToInt	40	static
../Drivers/MEMS/app_mems.c:100:6:MX_IKS01A3_DataLogTerminal_Init	56	static
../Drivers/MEMS/app_mems.c:270:13:Accelero_Sensor_Handler	72	static
../Drivers/MEMS/app_mems.c:334:13:Gyro_Sensor_Handler	72	static
../Drivers/MEMS/app_mems.c:398:13:Magneto_Sensor_Handler	72	static
../Drivers/MEMS/app_mems.c:185:6:MX_IKS01A3_DataLogTerminal_Process	8	static
../Drivers/MEMS/app_mems.c:62:6:MX_MEMS_Init	8	static
../Drivers/MEMS/app_mems.c:83:6:MX_MEMS_Process	8	static
../Drivers/MEMS/app_mems.c:176:6:BSP_PB_Callback	0	static
