../Drivers/MEMS/iks01a3_hybrid_sensors.c:92:9:IKS01A3_HYBRID_SENSOR_Init	0	static
../Drivers/MEMS/iks01a3_hybrid_sensors.c:164:9:IKS01A3_HYBRID_SENSOR_DeInit	8	static
../Drivers/MEMS/iks01a3_hybrid_sensors.c:191:9:IKS01A3_HYBRID_SENSOR_GetCapabilities	8	static
../Drivers/MEMS/iks01a3_hybrid_sensors.c:218:9:IKS01A3_HYBRID_SENSOR_ReadID	8	static
../Drivers/MEMS/iks01a3_hybrid_sensors.c:248:9:IKS01A3_HYBRID_MOTION_SENSOR_Enable	8	static
../Drivers/MEMS/iks01a3_hybrid_sensors.c:278:9:IKS01A3_HYBRID_MOTION_SENSOR_Disable	8	static
../Drivers/MEMS/iks01a3_hybrid_sensors.c:309:9:IKS01A3_HYBRID_MOTION_SENSOR_GetAxes	8	static
../Drivers/MEMS/iks01a3_hybrid_sensors.c:342:9:IKS01A3_HYBRID_MOTION_SENSOR_GetAxesRaw	8	static
../Drivers/MEMS/iks01a3_hybrid_sensors.c:375:9:IKS01A3_HYBRID_MOTION_SENSOR_GetSensitivity	8	static
../Drivers/MEMS/iks01a3_hybrid_sensors.c:407:9:IKS01A3_HYBRID_MOTION_SENSOR_GetOutputDataRate	8	static
../Drivers/MEMS/iks01a3_hybrid_sensors.c:439:9:IKS01A3_HYBRID_MOTION_SENSOR_SetOutputDataRate	8	static
../Drivers/MEMS/iks01a3_hybrid_sensors.c:471:9:IKS01A3_HYBRID_MOTION_SENSOR_GetFullScale	8	static
../Drivers/MEMS/iks01a3_hybrid_sensors.c:503:9:IKS01A3_HYBRID_MOTION_SENSOR_SetFullScale	8	static
../Drivers/MEMS/iks01a3_hybrid_sensors.c:534:9:IKS01A3_HYBRID_ENV_SENSOR_Enable	8	static
../Drivers/MEMS/iks01a3_hybrid_sensors.c:564:9:IKS01A3_HYBRID_ENV_SENSOR_Disable	8	static
../Drivers/MEMS/iks01a3_hybrid_sensors.c:595:9:IKS01A3_HYBRID_ENV_SENSOR_GetOutputDataRate	8	static
../Drivers/MEMS/iks01a3_hybrid_sensors.c:627:9:IKS01A3_HYBRID_ENV_SENSOR_SetOutputDataRate	8	static
../Drivers/MEMS/iks01a3_hybrid_sensors.c:659:9:IKS01A3_HYBRID_ENV_SENSOR_GetValue	8	static
