../Drivers/MEMS/iks01a3_motion_sensors.c:1558:16:LSM6DSO_0_Probe	80	static
../Drivers/MEMS/iks01a3_conf.h:49:16:Custom_I2C_Init	8	static
../Drivers/MEMS/iks01a3_motion_sensors.c:222:9:IKS01A3_MOTION_SENSOR_Init	64	static
../Drivers/MEMS/iks01a3_motion_sensors.c:1112:9:IKS01A3_MOTION_SENSOR_DeInit	8	static
../Drivers/MEMS/iks01a3_motion_sensors.c:1138:9:IKS01A3_MOTION_SENSOR_GetCapabilities	8	static
../Drivers/MEMS/iks01a3_motion_sensors.c:1164:9:IKS01A3_MOTION_SENSOR_ReadID	8	static
../Drivers/MEMS/iks01a3_motion_sensors.c:1193:9:IKS01A3_MOTION_SENSOR_Enable	8	static
../Drivers/MEMS/iks01a3_motion_sensors.c:1232:9:IKS01A3_MOTION_SENSOR_Disable	8	static
../Drivers/MEMS/iks01a3_motion_sensors.c:1272:9:IKS01A3_MOTION_SENSOR_GetAxes	8	static
../Drivers/MEMS/iks01a3_motion_sensors.c:1312:9:IKS01A3_MOTION_SENSOR_GetAxesRaw	8	static
../Drivers/MEMS/iks01a3_motion_sensors.c:1352:9:IKS01A3_MOTION_SENSOR_GetSensitivity	8	static
../Drivers/MEMS/iks01a3_motion_sensors.c:1393:9:IKS01A3_MOTION_SENSOR_GetOutputDataRate	8	static
../Drivers/MEMS/iks01a3_motion_sensors.c:1433:9:IKS01A3_MOTION_SENSOR_GetFullScale	8	static
../Drivers/MEMS/iks01a3_motion_sensors.c:1474:9:IKS01A3_MOTION_SENSOR_SetOutputDataRate	8	static
../Drivers/MEMS/iks01a3_motion_sensors.c:1514:9:IKS01A3_MOTION_SENSOR_SetFullScale	8	static
