C:/Users/Jake P/Documents/GitHub/StormEq/CAB_BOX_PCB_CODE_V2/SubGHz_Phy/App/subghz_phy_app.c:770:13:OnRxError	8	static
C:/Users/Jake P/Documents/GitHub/StormEq/CAB_BOX_PCB_CODE_V2/SubGHz_Phy/App/subghz_phy_app.c:757:13:OnRxTimeout	8	static
C:/Users/Jake P/Documents/GitHub/StormEq/CAB_BOX_PCB_CODE_V2/SubGHz_Phy/App/subghz_phy_app.c:744:13:OnTxTimeout	8	static
C:/Users/Jake P/Documents/GitHub/StormEq/CAB_BOX_PCB_CODE_V2/SubGHz_Phy/App/subghz_phy_app.c:643:13:OnTxDone	8	static
C:/Users/Jake P/Documents/GitHub/StormEq/CAB_BOX_PCB_CODE_V2/SubGHz_Phy/App/subghz_phy_app.c:667:13:OnRxDone	24	static
C:/Users/Jake P/Documents/GitHub/StormEq/CAB_BOX_PCB_CODE_V2/SubGHz_Phy/App/subghz_phy_app.c:795:6:StormEq_WCS	24	static
C:/Users/Jake P/Documents/GitHub/StormEq/CAB_BOX_PCB_CODE_V2/SubGHz_Phy/App/subghz_phy_app.c:211:6:SubghzApp_Init	72	static
C:/Users/Jake P/Documents/GitHub/StormEq/CAB_BOX_PCB_CODE_V2/SubGHz_Phy/App/subghz_phy_app.c:302:6:radio_send_wrapper	16	static
C:/Users/Jake P/Documents/GitHub/StormEq/CAB_BOX_PCB_CODE_V2/SubGHz_Phy/App/subghz_phy_app.c:316:6:encodeDeviceId	16	static
C:/Users/Jake P/Documents/GitHub/StormEq/CAB_BOX_PCB_CODE_V2/SubGHz_Phy/App/subghz_phy_app.c:332:6:broadcastDeviceId	24	static
C:/Users/Jake P/Documents/GitHub/StormEq/CAB_BOX_PCB_CODE_V2/SubGHz_Phy/App/subghz_phy_app.c:440:6:HAL_GPIO_EXTI_Callback	32	static
C:/Users/Jake P/Documents/GitHub/StormEq/CAB_BOX_PCB_CODE_V2/SubGHz_Phy/App/subghz_phy_app.c:607:6:heartBeat	24	static
